      Name: var
      Rank: 2
Class Type: Structure
Fields[1] {
1 0 0 
0 1 0 
0 0 1 
}
